<div>Should merge global locals</div>
<div>local</div>
<div>global</div>
